Archive member included because of file (symbol)

lib/sinixcrt.a(printf.o)      kernel/main.o (printf)
lib/sinixcrt.a(vsprintf.o)    kernel/main.o (vsprintf)
lib/sinixcrt.a(string.o)      kernel/start.o (memcpy)
lib/sinixcrt.a(misc.o)        kernel/main.o (send_recv)
lib/sinixcrt.a(open.o)        kernel/main.o (open)
lib/sinixcrt.a(read.o)        kernel/main.o (read)
lib/sinixcrt.a(write.o)       kernel/main.o (write)
lib/sinixcrt.a(close.o)       kernel/main.o (close)
lib/sinixcrt.a(lseek.o)       kernel/main.o (lseek)
lib/sinixcrt.a(getpid.o)      fs/disklog.o (getpid)
lib/sinixcrt.a(stat.o)        mm/exec.o (stat)
lib/sinixcrt.a(fork.o)        kernel/main.o (fork)
lib/sinixcrt.a(wait.o)        kernel/main.o (wait)
lib/sinixcrt.a(exec.o)        kernel/main.o (execv)
lib/sinixcrt.a(syscall.o)     lib/sinixcrt.a(misc.o) (sendrec)

Allocating common symbols
Common symbol       size              file

idt_ptr             0x6               kernel/global.o
inode_table         0xb00             kernel/global.o
task_stack          0x24000           kernel/global.o
k_reenter           0x4               kernel/global.o
gdt                 0x400             kernel/global.o
current_console     0x4               kernel/global.o
pcaller             0x4               kernel/global.o
tty_table           0xc6c             kernel/global.o
tss                 0x68              kernel/global.o
fs_msg              0x30              kernel/global.o
memory_size         0x4               kernel/global.o
f_desc_table        0x400             kernel/global.o
root_inode          0x4               kernel/global.o
disp_pos            0x4               kernel/global.o
mm_msg              0x30              kernel/global.o
key_pressed         0x4               kernel/global.o
gdt_ptr             0x6               kernel/global.o
idt                 0x800             kernel/global.o
super_block         0x1e0             kernel/global.o
PARTITION_ENTRY     0x10              kernel/hd.o
ticks               0x4               kernel/global.o
console_table       0x3c              kernel/global.o
irq_table           0x40              kernel/global.o
p_proc_ready        0x4               kernel/global.o
proc_table          0x3af8            kernel/global.o

Discarded input sections

 .note.GNU-stack
                0x0000000000000000        0x0 kernel/start.o
 .note.GNU-stack
                0x0000000000000000        0x0 kernel/main.o
 .note.GNU-stack
                0x0000000000000000        0x0 kernel/clock.o
 .note.GNU-stack
                0x0000000000000000        0x0 kernel/keyboard.o
 .note.GNU-stack
                0x0000000000000000        0x0 kernel/tty.o
 .note.GNU-stack
                0x0000000000000000        0x0 kernel/console.o
 .note.GNU-stack
                0x0000000000000000        0x0 kernel/i8259.o
 .note.GNU-stack
                0x0000000000000000        0x0 kernel/global.o
 .note.GNU-stack
                0x0000000000000000        0x0 kernel/protect.o
 .note.GNU-stack
                0x0000000000000000        0x0 kernel/proc.o
 .note.GNU-stack
                0x0000000000000000        0x0 kernel/systask.o
 .note.GNU-stack
                0x0000000000000000        0x0 kernel/hd.o
 .note.GNU-stack
                0x0000000000000000        0x0 kernel/klib.o
 .note.GNU-stack
                0x0000000000000000        0x0 lib/syslog.o
 .note.GNU-stack
                0x0000000000000000        0x0 mm/main.o
 .note.GNU-stack
                0x0000000000000000        0x0 mm/forkexit.o
 .note.GNU-stack
                0x0000000000000000        0x0 mm/exec.o
 .note.GNU-stack
                0x0000000000000000        0x0 fs/main.o
 .note.GNU-stack
                0x0000000000000000        0x0 fs/open.o
 .note.GNU-stack
                0x0000000000000000        0x0 fs/misc.o
 .note.GNU-stack
                0x0000000000000000        0x0 fs/read_write.o
 .note.GNU-stack
                0x0000000000000000        0x0 fs/link.o
 .note.GNU-stack
                0x0000000000000000        0x0 fs/disklog.o
 .note.GNU-stack
                0x0000000000000000        0x0 lib/sinixcrt.a(printf.o)
 .note.GNU-stack
                0x0000000000000000        0x0 lib/sinixcrt.a(vsprintf.o)
 .note.GNU-stack
                0x0000000000000000        0x0 lib/sinixcrt.a(misc.o)
 .note.GNU-stack
                0x0000000000000000        0x0 lib/sinixcrt.a(open.o)
 .note.GNU-stack
                0x0000000000000000        0x0 lib/sinixcrt.a(read.o)
 .note.GNU-stack
                0x0000000000000000        0x0 lib/sinixcrt.a(write.o)
 .note.GNU-stack
                0x0000000000000000        0x0 lib/sinixcrt.a(close.o)
 .note.GNU-stack
                0x0000000000000000        0x0 lib/sinixcrt.a(lseek.o)
 .note.GNU-stack
                0x0000000000000000        0x0 lib/sinixcrt.a(getpid.o)
 .note.GNU-stack
                0x0000000000000000        0x0 lib/sinixcrt.a(stat.o)
 .note.GNU-stack
                0x0000000000000000        0x0 lib/sinixcrt.a(fork.o)
 .note.GNU-stack
                0x0000000000000000        0x0 lib/sinixcrt.a(wait.o)
 .note.GNU-stack
                0x0000000000000000        0x0 lib/sinixcrt.a(exec.o)

Memory Configuration

Name             Origin             Length             Attributes
*default*        0x0000000000000000 0xffffffffffffffff

Linker script and memory map

Address of section .text set to 0x1000
LOAD kernel/kernel.o
LOAD kernel/start.o
LOAD kernel/main.o
LOAD kernel/clock.o
LOAD kernel/keyboard.o
LOAD kernel/tty.o
LOAD kernel/console.o
LOAD kernel/i8259.o
LOAD kernel/global.o
LOAD kernel/protect.o
LOAD kernel/proc.o
LOAD kernel/systask.o
LOAD kernel/hd.o
LOAD kernel/kliba.o
LOAD kernel/klib.o
LOAD lib/syslog.o
LOAD mm/main.o
LOAD mm/forkexit.o
LOAD mm/exec.o
LOAD fs/main.o
LOAD fs/open.o
LOAD fs/misc.o
LOAD fs/read_write.o
LOAD fs/link.o
LOAD fs/disklog.o
LOAD lib/sinixcrt.a
                0x0000000008048000                PROVIDE (__executable_start, 0x8048000)
                0x0000000008048094                . = (0x8048000 + SIZEOF_HEADERS)

.interp
 *(.interp)

.note.gnu.build-id
 *(.note.gnu.build-id)

.hash
 *(.hash)

.gnu.hash
 *(.gnu.hash)

.dynsym
 *(.dynsym)

.dynstr
 *(.dynstr)

.gnu.version
 *(.gnu.version)

.gnu.version_d
 *(.gnu.version_d)

.gnu.version_r
 *(.gnu.version_r)

.rel.dyn        0x0000000008048094        0x0
 *(.rel.init)
 *(.rel.text .rel.text.* .rel.gnu.linkonce.t.*)
 .rel.text      0x0000000000000000        0x0 kernel/kernel.o
 *(.rel.fini)
 *(.rel.rodata .rel.rodata.* .rel.gnu.linkonce.r.*)
 *(.rel.data.rel.ro .rel.data.rel.ro.* .rel.gnu.linkonce.d.rel.ro.*)
 *(.rel.data .rel.data.* .rel.gnu.linkonce.d.*)
 .rel.data      0x0000000000000000        0x0 kernel/kernel.o
 *(.rel.tdata .rel.tdata.* .rel.gnu.linkonce.td.*)
 *(.rel.tbss .rel.tbss.* .rel.gnu.linkonce.tb.*)
 *(.rel.ctors)
 *(.rel.dtors)
 *(.rel.got)
 *(.rel.bss .rel.bss.* .rel.gnu.linkonce.b.*)
 *(.rel.ifunc)

.rel.plt        0x0000000008048094        0x0
 *(.rel.plt)
                0x0000000008048094                PROVIDE (__rel_iplt_start, .)
 *(.rel.iplt)
 .rel.iplt      0x0000000000000000        0x0 kernel/kernel.o
                0x0000000008048094                PROVIDE (__rel_iplt_end, .)

.init
 *(SORT(.init))

.plt            0x00000000080480a0        0x0
 *(.plt)
 *(.iplt)
 .iplt          0x0000000000000000        0x0 kernel/kernel.o

.text           0x0000000000001000     0xc9d8
 *(.text.unlikely .text.*_unlikely)
 *(.text.exit .text.exit.*)
 *(.text.startup .text.startup.*)
 *(.text.hot .text.hot.*)
 *(.text .stub .text.* .gnu.linkonce.t.*)
 .text          0x0000000000001000      0x410 kernel/kernel.o
                0x0000000000001000                _start
                0x0000000000001040                hwint00
                0x0000000000001070                hwint01
                0x00000000000010a0                hwint02
                0x00000000000010d0                hwint03
                0x0000000000001100                hwint04
                0x0000000000001130                hwint05
                0x0000000000001160                hwint06
                0x0000000000001190                hwint07
                0x00000000000011c0                hwint08
                0x00000000000011f0                hwint09
                0x0000000000001220                hwint10
                0x0000000000001250                hwint11
                0x0000000000001280                hwint12
                0x00000000000012b0                hwint13
                0x00000000000012e0                hwint14
                0x0000000000001310                hwint15
                0x0000000000001334                divide_error
                0x000000000000133a                single_step_exception
                0x0000000000001340                nmi
                0x0000000000001346                breakpoint_exception
                0x000000000000134c                overflow
                0x0000000000001352                bounds_check
                0x0000000000001358                inval_opcode
                0x000000000000135e                copr_not_available
                0x0000000000001364                double_fault
                0x0000000000001368                copr_seg_overrun
                0x000000000000136e                inval_tss
                0x0000000000001372                segment_not_present
                0x0000000000001376                stack_exception
                0x000000000000137a                general_protection
                0x000000000000137e                page_fault
                0x0000000000001382                copr_error
                0x00000000000013cb                sys_call
                0x00000000000013eb                restart
 .text          0x0000000000001410       0x8e kernel/start.o
                0x0000000000001410                cstart
 *fill*         0x000000000000149e        0x2 
 .text          0x00000000000014a0      0x9ee kernel/main.o
                0x00000000000014a0                kernel_main
                0x00000000000017d5                get_ticks
                0x000000000000180d                untar
                0x0000000000001ae0                shabby_shell
                0x0000000000001d1f                Init
                0x0000000000001e2f                TestA
                0x0000000000001e34                TestB
                0x0000000000001e39                TestC
                0x0000000000001e3e                panic
 *fill*         0x0000000000001e8e        0x2 
 .text          0x0000000000001e90      0x119 kernel/clock.o
                0x0000000000001e90                clock_handler
                0x0000000000001f0a                milli_delay
                0x0000000000001f45                init_clock
 *fill*         0x0000000000001fa9        0x3 
 .text          0x0000000000001fac      0x6d4 kernel/keyboard.o
                0x0000000000001fac                keyboard_handler
                0x0000000000002012                init_keyboard
                0x00000000000020c1                keyboard_read
 .text          0x0000000000002680      0x9d9 kernel/tty.o
                0x0000000000002680                task_tty
                0x0000000000002834                in_process
                0x0000000000002d5d                sys_printx
                0x0000000000002efe                dump_tty_buf
 *fill*         0x0000000000003059        0x3 
 .text          0x000000000000305c      0x7f9 kernel/console.o
                0x000000000000305c                init_screen
                0x00000000000031d1                out_char
                0x00000000000034cc                is_current_console
                0x00000000000035c1                select_console
                0x00000000000035fd                scroll_screen
 *fill*         0x0000000000003855        0x3 
 .text          0x0000000000003858      0x13c kernel/i8259.o
                0x0000000000003858                init_8259A
                0x0000000000003949                spurious_irq
                0x0000000000003974                put_irq_handler
 .text          0x0000000000003994        0x0 kernel/global.o
 .text          0x0000000000003994      0x842 kernel/protect.o
                0x0000000000003994                init_prot
                0x0000000000003fee                seg2linear
                0x000000000000403d                init_desc
                0x00000000000040a9                exception_handler
 *fill*         0x00000000000041d6        0x2 
 .text          0x00000000000041d8     0x18c5 kernel/proc.o
                0x00000000000041d8                schedule
                0x0000000000004263                sys_sendrec
                0x00000000000043c2                ldt_seg_linear
                0x000000000000440c                va2la
                0x000000000000447b                reset_msg
                0x000000000000545d                inform_int
                0x00000000000055f1                dump_proc
                0x0000000000005956                dump_msg
 *fill*         0x0000000000005a9d        0x3 
 .text          0x0000000000005aa0      0x2cf kernel/systask.o
                0x0000000000005aa0                task_sys
 *fill*         0x0000000000005d6f        0x1 
 .text          0x0000000000005d70      0xd81 kernel/hd.o
                0x0000000000005d70                task_hd
                0x0000000000006acc                hd_handler
 *fill*         0x0000000000006af1        0xf 
 .text          0x0000000000006b00      0x19a kernel/kliba.o
                0x0000000000006b00                disp_str
                0x0000000000006b3e                disp_color_str
                0x0000000000006b7d                out_byte
                0x0000000000006b89                in_byte
                0x0000000000006b93                port_read
                0x0000000000006ba6                port_write
                0x0000000000006bb9                disable_irq
                0x0000000000006bee                enable_irq
                0x0000000000006c0d                disable_int
                0x0000000000006c0f                enable_int
                0x0000000000006c11                glitter
 *fill*         0x0000000000006c9a        0x2 
 .text          0x0000000000006c9c      0x2d3 kernel/klib.o
                0x0000000000006c9c                get_boot_params
                0x0000000000006d3c                get_kernel_map
                0x0000000000006e5a                itoa
                0x0000000000006f04                disp_int
                0x0000000000006f29                delay
 *fill*         0x0000000000006f6f        0x1 
 .text          0x0000000000006f70       0x75 lib/syslog.o
                0x0000000000006f70                syslog
 *fill*         0x0000000000006fe5        0x3 
 .text          0x0000000000006fe8      0x1db mm/main.o
                0x0000000000006fe8                task_mm
                0x0000000000007130                alloc_mem
                0x00000000000071b9                free_mem
 *fill*         0x00000000000071c3        0x1 
 .text          0x00000000000071c4      0x621 mm/forkexit.o
                0x00000000000071c4                do_fork
                0x000000000000755f                do_exit
                0x000000000000772c                do_wait
 *fill*         0x00000000000077e5        0x3 
 .text          0x00000000000077e8      0x394 mm/exec.o
                0x00000000000077e8                do_exec
 .text          0x0000000000007b7c     0x1312 fs/main.o
                0x0000000000007b7c                task_fs
                0x000000000000880a                rw_sector
                0x0000000000008a51                get_super_block
                0x0000000000008a97                get_inode
                0x0000000000008c10                put_inode
                0x0000000000008c55                sync_inode
 *fill*         0x0000000000008e8e        0x2 
 .text          0x0000000000008e90      0xc7d fs/open.o
                0x0000000000008e90                do_open
                0x0000000000009416                do_close
                0x000000000000948d                do_lseek
 *fill*         0x0000000000009b0d        0x3 
 .text          0x0000000000009b10      0x20b fs/misc.o
                0x0000000000009b10                search_file
                0x0000000000009c8f                strip_path
 *fill*         0x0000000000009d1b        0x1 
 .text          0x0000000000009d1c      0x534 fs/read_write.o
                0x0000000000009d1c                do_rdwt
 .text          0x000000000000a250      0x948 fs/link.o
                0x000000000000a250                do_unlink
 .text          0x000000000000ab98     0x21bd fs/disklog.o
                0x000000000000ab98                disklog
                0x000000000000b221                dump_fd_graph
 *fill*         0x000000000000cd55        0x3 
 .text          0x000000000000cd58       0xc0 lib/sinixcrt.a(printf.o)
                0x000000000000cd58                printf
                0x000000000000cdd7                printl
 .text          0x000000000000ce18      0x31e lib/sinixcrt.a(vsprintf.o)
                0x000000000000ce83                vsprintf
                0x000000000000d10c                sprintf
 *fill*         0x000000000000d136        0xa 
 .text          0x000000000000d140       0x78 lib/sinixcrt.a(string.o)
                0x000000000000d140                memcpy
                0x000000000000d169                memset
                0x000000000000d18a                strcpy
                0x000000000000d1a2                strlen
 .text          0x000000000000d1b8      0x292 lib/sinixcrt.a(misc.o)
                0x000000000000d1b8                send_recv
                0x000000000000d299                memcmp
                0x000000000000d313                strcmp
                0x000000000000d38a                strcat
                0x000000000000d3e9                spin
                0x000000000000d404                assertion_failure
 *fill*         0x000000000000d44a        0x2 
 .text          0x000000000000d44c       0x73 lib/sinixcrt.a(open.o)
                0x000000000000d44c                open
 *fill*         0x000000000000d4bf        0x1 
 .text          0x000000000000d4c0       0x3f lib/sinixcrt.a(read.o)
                0x000000000000d4c0                read
 *fill*         0x000000000000d4ff        0x1 
 .text          0x000000000000d500       0x3f lib/sinixcrt.a(write.o)
                0x000000000000d500                write
 *fill*         0x000000000000d53f        0x1 
 .text          0x000000000000d540       0x33 lib/sinixcrt.a(close.o)
                0x000000000000d540                close
 *fill*         0x000000000000d573        0x1 
 .text          0x000000000000d574       0x3f lib/sinixcrt.a(lseek.o)
                0x000000000000d574                lseek
 *fill*         0x000000000000d5b3        0x1 
 .text          0x000000000000d5b4       0x59 lib/sinixcrt.a(getpid.o)
                0x000000000000d5b4                getpid
 *fill*         0x000000000000d60d        0x3 
 .text          0x000000000000d610       0x73 lib/sinixcrt.a(stat.o)
                0x000000000000d610                stat
 *fill*         0x000000000000d683        0x1 
 .text          0x000000000000d684       0x84 lib/sinixcrt.a(fork.o)
                0x000000000000d684                fork
 .text          0x000000000000d708       0x44 lib/sinixcrt.a(wait.o)
                0x000000000000d708                wait
 .text          0x000000000000d74c      0x264 lib/sinixcrt.a(exec.o)
                0x000000000000d74c                exec
                0x000000000000d7c7                execl
                0x000000000000d7ed                execv
 .text          0x000000000000d9b0       0x28 lib/sinixcrt.a(syscall.o)
                0x000000000000d9b0                sendrec
                0x000000000000d9ca                printx
 *(.gnu.warning)

.fini
 *(SORT(.fini))
                0x000000000000d9d8                PROVIDE (__etext, .)
                0x000000000000d9d8                PROVIDE (_etext, .)
                0x000000000000d9d8                PROVIDE (etext, .)

.rodata         0x000000000000d9e0     0x24f7
 *(.rodata .rodata.* .gnu.linkonce.r.*)
 .rodata        0x000000000000d9e0       0x47 kernel/start.o
 *fill*         0x000000000000da27        0x1 
 .rodata        0x000000000000da28      0x190 kernel/main.o
 .rodata        0x000000000000dbb8       0x64 kernel/keyboard.o
 .rodata        0x000000000000dc1c      0x13c kernel/tty.o
 .rodata        0x000000000000dd58       0x5b kernel/console.o
 .rodata        0x000000000000ddb3       0x11 kernel/i8259.o
 .rodata        0x000000000000ddc4       0x10 kernel/global.o
                0x000000000000ddc4                FSBUF_SIZE
                0x000000000000ddc8                MMBUF_SIZE
                0x000000000000ddcc                LOGBUF_SIZE
                0x000000000000ddd0                LOGDISKBUF_SIZE
 *fill*         0x000000000000ddd4        0xc 
 .rodata        0x000000000000dde0      0x580 kernel/protect.o
 .rodata        0x000000000000e360      0x5da kernel/proc.o
 .rodata        0x000000000000e93a       0x11 kernel/systask.o
 *fill*         0x000000000000e94b        0x1 
 .rodata        0x000000000000e94c      0x15c kernel/hd.o
 .rodata        0x000000000000eaa8       0x6a kernel/klib.o
 .rodata        0x000000000000eb12       0x1e lib/syslog.o
 .rodata        0x000000000000eb30       0xb1 mm/main.o
 *fill*         0x000000000000ebe1        0x3 
 .rodata        0x000000000000ebe4       0xe7 mm/forkexit.o
 *fill*         0x000000000000eccb        0x1 
 .rodata        0x000000000000eccc       0xa4 mm/exec.o
 .rodata        0x000000000000ed70      0x29a fs/main.o
 *fill*         0x000000000000f00a        0x2 
 .rodata        0x000000000000f00c      0x1c8 fs/open.o
 .rodata        0x000000000000f1d4      0x164 fs/read_write.o
 .rodata        0x000000000000f338      0x1ad fs/link.o
 *fill*         0x000000000000f4e5        0x3 
 .rodata        0x000000000000f4e8      0x806 fs/disklog.o
 .rodata        0x000000000000fcee       0x14 lib/sinixcrt.a(printf.o)
 *fill*         0x000000000000fd02        0x2 
 .rodata        0x000000000000fd04       0xad lib/sinixcrt.a(misc.o)
 .rodata        0x000000000000fdb1       0x23 lib/sinixcrt.a(open.o)
 .rodata        0x000000000000fdd4       0x25 lib/sinixcrt.a(getpid.o)
 .rodata        0x000000000000fdf9       0x23 lib/sinixcrt.a(stat.o)
 .rodata        0x000000000000fe1c       0x33 lib/sinixcrt.a(fork.o)
 *fill*         0x000000000000fe4f        0x1 
 .rodata        0x000000000000fe50       0x87 lib/sinixcrt.a(exec.o)

.rodata1
 *(.rodata1)

.eh_frame_hdr
 *(.eh_frame_hdr)

.eh_frame       0x000000000000fed8     0x1288
 *(.eh_frame)
 .eh_frame      0x000000000000fed8       0x38 kernel/start.o
 .eh_frame      0x000000000000ff10      0x108 kernel/main.o
                                        0x120 (size before relaxing)
 .eh_frame      0x0000000000010018       0x60 kernel/clock.o
                                         0x78 (size before relaxing)
 .eh_frame      0x0000000000010078       0xe0 kernel/keyboard.o
                                         0xf8 (size before relaxing)
 .eh_frame      0x0000000000010158      0x13c kernel/tty.o
                                        0x154 (size before relaxing)
 .eh_frame      0x0000000000010294      0x148 kernel/console.o
                                        0x160 (size before relaxing)
 .eh_frame      0x00000000000103dc       0x60 kernel/i8259.o
                                         0x78 (size before relaxing)
 .eh_frame      0x000000000001043c       0xb0 kernel/protect.o
                                         0xc8 (size before relaxing)
 .eh_frame      0x00000000000104ec      0x1c0 kernel/proc.o
                                        0x1d8 (size before relaxing)
 .eh_frame      0x00000000000106ac       0x5c kernel/systask.o
                                         0x74 (size before relaxing)
 .eh_frame      0x0000000000010708      0x1c8 kernel/hd.o
                                        0x1e0 (size before relaxing)
 .eh_frame      0x00000000000108d0       0xa4 kernel/klib.o
                                         0xbc (size before relaxing)
 .eh_frame      0x0000000000010974       0x20 lib/syslog.o
                                         0x38 (size before relaxing)
 .eh_frame      0x0000000000010994       0x7c mm/main.o
                                         0x94 (size before relaxing)
 .eh_frame      0x0000000000010a10       0x90 mm/forkexit.o
                                         0xa8 (size before relaxing)
 .eh_frame      0x0000000000010aa0       0x2c mm/exec.o
                                         0x44 (size before relaxing)
 .eh_frame      0x0000000000010acc      0x17c fs/main.o
                                        0x194 (size before relaxing)
 .eh_frame      0x0000000000010c48      0x130 fs/open.o
                                        0x148 (size before relaxing)
 .eh_frame      0x0000000000010d78       0x48 fs/misc.o
                                         0x60 (size before relaxing)
 .eh_frame      0x0000000000010dc0       0x2c fs/read_write.o
                                         0x44 (size before relaxing)
 .eh_frame      0x0000000000010dec       0x30 fs/link.o
                                         0x48 (size before relaxing)
 .eh_frame      0x0000000000010e1c       0x60 fs/disklog.o
                                         0x78 (size before relaxing)
 .eh_frame      0x0000000000010e7c       0x40 lib/sinixcrt.a(printf.o)
                                         0x58 (size before relaxing)
 .eh_frame      0x0000000000010ebc       0x68 lib/sinixcrt.a(vsprintf.o)
                                         0x80 (size before relaxing)
 .eh_frame      0x0000000000010f24       0xbc lib/sinixcrt.a(misc.o)
                                         0xd4 (size before relaxing)
 .eh_frame      0x0000000000010fe0       0x20 lib/sinixcrt.a(open.o)
                                         0x38 (size before relaxing)
 .eh_frame      0x0000000000011000       0x20 lib/sinixcrt.a(read.o)
                                         0x38 (size before relaxing)
 .eh_frame      0x0000000000011020       0x20 lib/sinixcrt.a(write.o)
                                         0x38 (size before relaxing)
 .eh_frame      0x0000000000011040       0x20 lib/sinixcrt.a(close.o)
                                         0x38 (size before relaxing)
 .eh_frame      0x0000000000011060       0x20 lib/sinixcrt.a(lseek.o)
                                         0x38 (size before relaxing)
 .eh_frame      0x0000000000011080       0x20 lib/sinixcrt.a(getpid.o)
                                         0x38 (size before relaxing)
 .eh_frame      0x00000000000110a0       0x20 lib/sinixcrt.a(stat.o)
                                         0x38 (size before relaxing)
 .eh_frame      0x00000000000110c0       0x20 lib/sinixcrt.a(fork.o)
                                         0x38 (size before relaxing)
 .eh_frame      0x00000000000110e0       0x20 lib/sinixcrt.a(wait.o)
                                         0x38 (size before relaxing)
 .eh_frame      0x0000000000011100       0x60 lib/sinixcrt.a(exec.o)
                                         0x78 (size before relaxing)

.gcc_except_table
 *(.gcc_except_table .gcc_except_table.*)

.exception_ranges
 *(.exception_ranges .exception_ranges*)
                0x0000000000011160                . = (ALIGN (0x1000) - ((0x1000 - .) & 0xfff))
                0x0000000000012000                . = DATA_SEGMENT_ALIGN (0x1000, 0x1000)

.eh_frame
 *(.eh_frame)

.gcc_except_table
 *(.gcc_except_table .gcc_except_table.*)

.exception_ranges
 *(.exception_ranges .exception_ranges*)

.tdata
 *(.tdata .tdata.* .gnu.linkonce.td.*)

.tbss
 *(.tbss .tbss.* .gnu.linkonce.tb.*)
 *(.tcommon)

.preinit_array  0x0000000000012000        0x0
                0x0000000000012000                PROVIDE (__preinit_array_start, .)
 *(.preinit_array)
                0x0000000000012000                PROVIDE (__preinit_array_end, .)

.init_array     0x0000000000012000        0x0
                0x0000000000012000                PROVIDE (__init_array_start, .)
 *(SORT(.init_array.*) SORT(.ctors.*))
 *(.init_array)
 *(EXCLUDE_FILE(*crtend?.o *crtend.o *crtbegin?.o *crtbegin.o) .ctors)
                0x0000000000012000                PROVIDE (__init_array_end, .)

.fini_array     0x0000000000012000        0x0
                0x0000000000012000                PROVIDE (__fini_array_start, .)
 *(SORT(.fini_array.*) SORT(.dtors.*))
 *(.fini_array)
 *(EXCLUDE_FILE(*crtend?.o *crtend.o *crtbegin?.o *crtbegin.o) .dtors)
                0x0000000000012000                PROVIDE (__fini_array_end, .)

.ctors
 *crtbegin.o(.ctors)
 *crtbegin?.o(.ctors)
 *(EXCLUDE_FILE(*crtend?.o *crtend.o) .ctors)
 *(SORT(.ctors.*))
 *(.ctors)

.dtors
 *crtbegin.o(.dtors)
 *crtbegin?.o(.dtors)
 *(EXCLUDE_FILE(*crtend?.o *crtend.o) .dtors)
 *(SORT(.dtors.*))
 *(.dtors)

.jcr
 *(.jcr)

.data.rel.ro
 *(.data.rel.ro.local* .gnu.linkonce.d.rel.ro.local.*)
 *(.data.rel.ro .data.rel.ro.* .gnu.linkonce.d.rel.ro.*)

.dynamic
 *(.dynamic)

.got
 *(.got)
 *(.igot)
                0x0000000000012000                . = DATA_SEGMENT_RELRO_END (., (SIZEOF (.got.plt) >= 0xc)?0xc:0x0)

.got.plt        0x0000000000012000        0x0
 *(.got.plt)
 *(.igot.plt)
 .igot.plt      0x0000000000000000        0x0 kernel/kernel.o

.data           0x0000000000012000      0x814
 *(.data .data.* .gnu.linkonce.d.*)
 .data          0x0000000000012000        0x2 kernel/kernel.o
 *fill*         0x0000000000012002        0x2 
 .data          0x0000000000012004        0x0 kernel/start.o
 .data          0x0000000000012004        0x0 kernel/main.o
 .data          0x0000000000012004        0x0 kernel/clock.o
 *fill*         0x0000000000012004       0x1c 
 .data          0x0000000000012020      0x600 kernel/keyboard.o
                0x0000000000012020                keymap
 .data          0x0000000000012620       0x22 kernel/tty.o
 *fill*         0x0000000000012642        0x2 
 .data          0x0000000000012644        0x0 kernel/console.o
 .data          0x0000000000012644        0x0 kernel/i8259.o
 *fill*         0x0000000000012644       0x1c 
 .data          0x0000000000012660      0x1b4 kernel/global.o
                0x0000000000012660                task_table
                0x0000000000012740                user_proc_table
                0x00000000000127e0                sys_call_table
                0x00000000000127ec                dd_map
                0x0000000000012804                fsbuf
                0x0000000000012808                mmbuf
                0x000000000001280c                logbuf
                0x0000000000012810                logdiskbuf
 .data          0x0000000000012814        0x0 kernel/protect.o
 .data          0x0000000000012814        0x0 kernel/proc.o
 .data          0x0000000000012814        0x0 kernel/systask.o
 .data          0x0000000000012814        0x0 kernel/hd.o
 .data          0x0000000000012814        0x0 kernel/klib.o
 .data          0x0000000000012814        0x0 lib/syslog.o
 .data          0x0000000000012814        0x0 mm/main.o
 .data          0x0000000000012814        0x0 mm/forkexit.o
 .data          0x0000000000012814        0x0 mm/exec.o
 .data          0x0000000000012814        0x0 fs/main.o
 .data          0x0000000000012814        0x0 fs/open.o
 .data          0x0000000000012814        0x0 fs/misc.o
 .data          0x0000000000012814        0x0 fs/read_write.o
 .data          0x0000000000012814        0x0 fs/link.o
 .data          0x0000000000012814        0x0 fs/disklog.o
 .data          0x0000000000012814        0x0 lib/sinixcrt.a(printf.o)
 .data          0x0000000000012814        0x0 lib/sinixcrt.a(vsprintf.o)
 .data          0x0000000000012814        0x0 lib/sinixcrt.a(misc.o)
 .data          0x0000000000012814        0x0 lib/sinixcrt.a(open.o)
 .data          0x0000000000012814        0x0 lib/sinixcrt.a(read.o)
 .data          0x0000000000012814        0x0 lib/sinixcrt.a(write.o)
 .data          0x0000000000012814        0x0 lib/sinixcrt.a(close.o)
 .data          0x0000000000012814        0x0 lib/sinixcrt.a(lseek.o)
 .data          0x0000000000012814        0x0 lib/sinixcrt.a(getpid.o)
 .data          0x0000000000012814        0x0 lib/sinixcrt.a(stat.o)
 .data          0x0000000000012814        0x0 lib/sinixcrt.a(fork.o)
 .data          0x0000000000012814        0x0 lib/sinixcrt.a(wait.o)
 .data          0x0000000000012814        0x0 lib/sinixcrt.a(exec.o)

.data1
 *(.data1)
                0x0000000000012814                _edata = .
                0x0000000000012814                PROVIDE (edata, .)
                0x0000000000012814                . = .
                0x0000000000012814                __bss_start = .

.bss            0x0000000000012820    0x2b788
 *(.dynbss)
 *(.bss .bss.* .gnu.linkonce.b.*)
 .bss           0x0000000000012820      0x800 kernel/kernel.o
 .bss           0x0000000000013020        0x0 kernel/start.o
 .bss           0x0000000000013020        0x0 kernel/main.o
 .bss           0x0000000000013020        0x0 kernel/clock.o
 .bss           0x0000000000013020       0x58 kernel/keyboard.o
 .bss           0x0000000000013078        0x0 kernel/tty.o
 .bss           0x0000000000013078        0x0 kernel/console.o
 .bss           0x0000000000013078        0x0 kernel/i8259.o
 .bss           0x0000000000013078        0x0 kernel/global.o
 .bss           0x0000000000013078        0x0 kernel/protect.o
 .bss           0x0000000000013078        0x0 kernel/proc.o
 .bss           0x0000000000013078        0x0 kernel/systask.o
 *fill*         0x0000000000013078        0x8 
 .bss           0x0000000000013080      0x64c kernel/hd.o
 .bss           0x00000000000136cc        0x0 kernel/klib.o
 .bss           0x00000000000136cc        0x0 lib/syslog.o
 .bss           0x00000000000136cc        0x0 mm/main.o
 .bss           0x00000000000136cc        0x0 mm/forkexit.o
 .bss           0x00000000000136cc        0x0 mm/exec.o
 .bss           0x00000000000136cc        0x0 fs/main.o
 .bss           0x00000000000136cc        0x0 fs/open.o
 .bss           0x00000000000136cc        0x0 fs/misc.o
 .bss           0x00000000000136cc        0x0 fs/read_write.o
 .bss           0x00000000000136cc        0x0 fs/link.o
 *fill*         0x00000000000136cc       0x14 
 .bss           0x00000000000136e0      0x208 fs/disklog.o
 .bss           0x00000000000138e8        0x0 lib/sinixcrt.a(printf.o)
 .bss           0x00000000000138e8        0x0 lib/sinixcrt.a(vsprintf.o)
 .bss           0x00000000000138e8        0x0 lib/sinixcrt.a(misc.o)
 .bss           0x00000000000138e8        0x0 lib/sinixcrt.a(open.o)
 .bss           0x00000000000138e8        0x0 lib/sinixcrt.a(read.o)
 .bss           0x00000000000138e8        0x0 lib/sinixcrt.a(write.o)
 .bss           0x00000000000138e8        0x0 lib/sinixcrt.a(close.o)
 .bss           0x00000000000138e8        0x0 lib/sinixcrt.a(lseek.o)
 .bss           0x00000000000138e8        0x0 lib/sinixcrt.a(getpid.o)
 .bss           0x00000000000138e8        0x0 lib/sinixcrt.a(stat.o)
 .bss           0x00000000000138e8        0x0 lib/sinixcrt.a(fork.o)
 .bss           0x00000000000138e8        0x0 lib/sinixcrt.a(wait.o)
 .bss           0x00000000000138e8        0x0 lib/sinixcrt.a(exec.o)
 *(COMMON)
 *fill*         0x00000000000138e8       0x18 
 COMMON         0x0000000000013900    0x2a698 kernel/global.o
                0x0000000000013900                idt_ptr
                0x0000000000013920                inode_table
                0x0000000000014420                task_stack
                0x0000000000038420                k_reenter
                0x0000000000038440                gdt
                0x0000000000038840                current_console
                0x0000000000038844                pcaller
                0x0000000000038860                tty_table
                0x00000000000394e0                tss
                0x0000000000039560                fs_msg
                0x0000000000039590                memory_size
                0x00000000000395a0                f_desc_table
                0x00000000000399a0                root_inode
                0x00000000000399a4                disp_pos
                0x00000000000399c0                mm_msg
                0x00000000000399f0                key_pressed
                0x00000000000399f4                gdt_ptr
                0x0000000000039a00                idt
                0x000000000003a200                super_block
                0x000000000003a3e0                ticks
                0x000000000003a400                console_table
                0x000000000003a440                irq_table
                0x000000000003a480                p_proc_ready
                0x000000000003a4a0                proc_table
 COMMON         0x000000000003df98       0x10 kernel/hd.o
                0x000000000003df98                PARTITION_ENTRY
                0x000000000003dfa8                . = ALIGN ((. != 0x0)?0x4:0x1)
                0x000000000003dfa8                . = ALIGN (0x4)
                0x000000000003dfa8                . = ALIGN (0x4)
                0x000000000003dfa8                _end = .
                0x000000000003dfa8                PROVIDE (end, .)
                0x000000000003dfa8                . = DATA_SEGMENT_END (.)

.stab
 *(.stab)

.stabstr
 *(.stabstr)

.stab.excl
 *(.stab.excl)

.stab.exclstr
 *(.stab.exclstr)

.stab.index
 *(.stab.index)

.stab.indexstr
 *(.stab.indexstr)

.comment        0x0000000000000000       0x2a
 *(.comment)
 .comment       0x0000000000000000       0x2a kernel/start.o
                                         0x2b (size before relaxing)
 .comment       0x0000000000000000       0x2b kernel/main.o
 .comment       0x0000000000000000       0x2b kernel/clock.o
 .comment       0x0000000000000000       0x2b kernel/keyboard.o
 .comment       0x0000000000000000       0x2b kernel/tty.o
 .comment       0x0000000000000000       0x2b kernel/console.o
 .comment       0x0000000000000000       0x2b kernel/i8259.o
 .comment       0x0000000000000000       0x2b kernel/global.o
 .comment       0x0000000000000000       0x2b kernel/protect.o
 .comment       0x0000000000000000       0x2b kernel/proc.o
 .comment       0x0000000000000000       0x2b kernel/systask.o
 .comment       0x0000000000000000       0x2b kernel/hd.o
 .comment       0x0000000000000000       0x2b kernel/klib.o
 .comment       0x0000000000000000       0x2b lib/syslog.o
 .comment       0x0000000000000000       0x2b mm/main.o
 .comment       0x0000000000000000       0x2b mm/forkexit.o
 .comment       0x0000000000000000       0x2b mm/exec.o
 .comment       0x0000000000000000       0x2b fs/main.o
 .comment       0x0000000000000000       0x2b fs/open.o
 .comment       0x0000000000000000       0x2b fs/misc.o
 .comment       0x0000000000000000       0x2b fs/read_write.o
 .comment       0x0000000000000000       0x2b fs/link.o
 .comment       0x0000000000000000       0x2b fs/disklog.o
 .comment       0x0000000000000000       0x2b lib/sinixcrt.a(printf.o)
 .comment       0x0000000000000000       0x2b lib/sinixcrt.a(vsprintf.o)
 .comment       0x0000000000000000       0x2b lib/sinixcrt.a(misc.o)
 .comment       0x0000000000000000       0x2b lib/sinixcrt.a(open.o)
 .comment       0x0000000000000000       0x2b lib/sinixcrt.a(read.o)
 .comment       0x0000000000000000       0x2b lib/sinixcrt.a(write.o)
 .comment       0x0000000000000000       0x2b lib/sinixcrt.a(close.o)
 .comment       0x0000000000000000       0x2b lib/sinixcrt.a(lseek.o)
 .comment       0x0000000000000000       0x2b lib/sinixcrt.a(getpid.o)
 .comment       0x0000000000000000       0x2b lib/sinixcrt.a(stat.o)
 .comment       0x0000000000000000       0x2b lib/sinixcrt.a(fork.o)
 .comment       0x0000000000000000       0x2b lib/sinixcrt.a(wait.o)
 .comment       0x0000000000000000       0x2b lib/sinixcrt.a(exec.o)

.debug
 *(.debug)

.line
 *(.line)

.debug_srcinfo
 *(.debug_srcinfo)

.debug_sfnames
 *(.debug_sfnames)

.debug_aranges
 *(.debug_aranges)

.debug_pubnames
 *(.debug_pubnames)

.debug_info
 *(.debug_info .gnu.linkonce.wi.*)

.debug_abbrev
 *(.debug_abbrev)

.debug_line
 *(.debug_line)

.debug_frame
 *(.debug_frame)

.debug_str
 *(.debug_str)

.debug_loc
 *(.debug_loc)

.debug_macinfo
 *(.debug_macinfo)

.debug_weaknames
 *(.debug_weaknames)

.debug_funcnames
 *(.debug_funcnames)

.debug_typenames
 *(.debug_typenames)

.debug_varnames
 *(.debug_varnames)

.debug_pubtypes
 *(.debug_pubtypes)

.debug_ranges
 *(.debug_ranges)

.debug_macro
 *(.debug_macro)

.gnu.attributes
 *(.gnu.attributes)

/DISCARD/
 *(.note.GNU-stack)
 *(.gnu_debuglink)
 *(.gnu.lto_*)
OUTPUT(kernel.bin elf32-i386)
